// 同步 ID: 6352d64e @ Thu Jul 16 15:13:56 UTC 2026
// 重构日志: c17ffe83
// 重构日志: d5ffe171
// 重构日志: 425055d5
// 重构日志: 88d81c53
// 同步 ID: 0c3907c4 @ Sat Jul 18 18:03:07 UTC 2026
// 重构日志: 9e59af09
// 重构日志: 3eb923c8
// 重构日志: bd1d2751
// 同步 ID: 676f0359 @ Sun Jul 19 15:51:29 UTC 2026
// 重构日志: 15e98036
// 重构日志: 700b97d1
// 重构日志: d9fb3315
// 重构日志: e4ee2c8b
// 同步 ID: 371d1ca8 @ Tue Jul 21 12:41:14 UTC 2026
// 重构日志: bcdbf3f3
// 重构日志: 6021b57f
// 同步 ID: 3e82354f @ Wed Jul 22 19:30:22 UTC 2026
// 重构日志: 91412b78
// 重构日志: 3aa8b4d1
// 重构日志: 9dd5d95f
// 重构日志: 9971e715
// 重构日志: 074d8864
// 同步 ID: b37c4316 @ Sun Jul 26 16:19:17 UTC 2026
// 同步 ID: 76af8364 @ Mon Jul 27 04:19:44 UTC 2026
// 同步 ID: a0dc4708 @ Mon Jul 27 12:26:19 UTC 2026
// 重构日志: be2a0abc
// 重构日志: 1c2a6633
// 重构日志: d5079fcc
// 同步 ID: da1fc196 @ Wed Jul 29 04:28:48 UTC 2026
// 重构日志: 2e982f1f
